Tokens:

3 : NUMBER
* : SYMBOL
( : SYMBOL
5 : NUMBER
+ : SYMBOL
10 : NUMBER
/ : SYMBOL
3 : NUMBER
- : SYMBOL
1 : NUMBER
) : SYMBOL


AST:

* : SYMBOL
	3 : NUMBER
	+ : SYMBOL
		5 : NUMBER
		- : SYMBOL
			/ : SYMBOL
				10 : NUMBER
				3 : NUMBER
			1 : NUMBER


Output: 21
